

================================================================
== Vivado HLS Report for 'dummy_proc_middle_1394'
================================================================
* Date:           Sat Aug  1 17:19:50 2020

* Version:        2018.3 (Build 2405991 on Thu Dec 06 23:56:15 MST 2018)
* Project:        deblur_IP
* Solution:       solution1
* Product family: zynq
* Target device:  xc7z020clg400-1


================================================================
== Performance Estimates
================================================================
+ Timing (ns): 
    * Summary: 
    +--------+-------+----------+------------+
    |  Clock | Target| Estimated| Uncertainty|
    +--------+-------+----------+------------+
    |ap_clk  |  10.00|     7.954|        1.25|
    +--------+-------+----------+------------+

+ Latency (clock cycles): 
    * Summary: 
    +------+------+------+------+---------+
    |   Latency   |   Interval  | Pipeline|
    |  min |  max |  min |  max |   Type  |
    +------+------+------+------+---------+
    |  3585|  3585|  3585|  3585|   none  |
    +------+------+------+------+---------+

    + Detail: 
        * Instance: 
        N/A

        * Loop: 
        +----------+------+------+----------+-----------+-----------+------+----------+
        |          |   Latency   | Iteration|  Initiation Interval  | Trip |          |
        | Loop Name|  min |  max |  Latency |  achieved |   target  | Count| Pipelined|
        +----------+------+------+----------+-----------+-----------+------+----------+
        |- Loop 1  |  3584|  3584|        14|          -|          -|   256|    no    |
        +----------+------+------+----------+-----------+-----------+------+----------+



================================================================
== Utilization Estimates
================================================================
* Summary: 
+-----------------+---------+-------+--------+-------+
|       Name      | BRAM_18K| DSP48E|   FF   |  LUT  |
+-----------------+---------+-------+--------+-------+
|DSP              |        -|      -|       -|      -|
|Expression       |        -|      -|       0|   1090|
|FIFO             |        -|      -|       -|      -|
|Instance         |        -|      4|    1354|   2844|
|Memory           |        -|      -|       -|      -|
|Multiplexer      |        -|      -|       -|     92|
|Register         |        -|      -|     426|      -|
+-----------------+---------+-------+--------+-------+
|Total            |        0|      4|    1780|   4026|
+-----------------+---------+-------+--------+-------+
|Available        |      280|    220|  106400|  53200|
+-----------------+---------+-------+--------+-------+
|Utilization (%)  |        0|      1|       1|      7|
+-----------------+---------+-------+--------+-------+

+ Detail: 
    * Instance: 
    +--------------------------+----------------------+---------+-------+-----+-----+
    |         Instance         |        Module        | BRAM_18K| DSP48E|  FF | LUT |
    +--------------------------+----------------------+---------+-------+-----+-----+
    |WienerDeblur_fcmpdEe_U17  |WienerDeblur_fcmpdEe  |        0|      0|   66|  239|
    |WienerDeblur_fcmpdEe_U18  |WienerDeblur_fcmpdEe  |        0|      0|   66|  239|
    |WienerDeblur_fcmpdEe_U19  |WienerDeblur_fcmpdEe  |        0|      0|   66|  239|
    |WienerDeblur_fcmpdEe_U20  |WienerDeblur_fcmpdEe  |        0|      0|   66|  239|
    |WienerDeblur_fsubbkb_U13  |WienerDeblur_fsubbkb  |        0|      2|  205|  390|
    |WienerDeblur_fsubbkb_U14  |WienerDeblur_fsubbkb  |        0|      2|  205|  390|
    |WienerDeblur_sitocud_U15  |WienerDeblur_sitocud  |        0|      0|  340|  554|
    |WienerDeblur_sitocud_U16  |WienerDeblur_sitocud  |        0|      0|  340|  554|
    +--------------------------+----------------------+---------+-------+-----+-----+
    |Total                     |                      |        0|      4| 1354| 2844|
    +--------------------------+----------------------+---------+-------+-----+-----+

    * DSP48: 
    N/A

    * Memory: 
    N/A

    * FIFO: 
    N/A

    * Expression: 
    +-----------------------------+----------+-------+---+-----+------------+------------+
    |        Variable Name        | Operation| DSP48E| FF| LUT | Bitwidth P0| Bitwidth P1|
    +-----------------------------+----------+-------+---+-----+------------+------------+
    |i_1_fu_166_p2                |     +    |      0|  0|   15|           9|           1|
    |sh_assign_3_fu_288_p2        |     +    |      0|  0|   15|           8|           9|
    |sh_assign_fu_218_p2          |     +    |      0|  0|   15|           8|           9|
    |result_V_1_fu_422_p2         |     -    |      0|  0|   39|           1|          32|
    |result_V_3_fu_532_p2         |     -    |      0|  0|   39|           1|          32|
    |tmp_i_i_i2_fu_302_p2         |     -    |      0|  0|   15|           7|           8|
    |tmp_i_i_i_fu_232_p2          |     -    |      0|  0|   15|           7|           8|
    |ap_block_state2              |    and   |      0|  0|    2|           1|           1|
    |or_cond2_demorgan_fu_456_p2  |    and   |      0|  0|    2|           1|           1|
    |or_cond_demorgan_fu_346_p2   |    and   |      0|  0|    2|           1|           1|
    |exitcond_fu_160_p2           |   icmp   |      0|  0|   13|           9|          10|
    |notlhs2_fu_270_p2            |   icmp   |      0|  0|   11|           8|           2|
    |notlhs_fu_200_p2             |   icmp   |      0|  0|   11|           8|           2|
    |notrhs2_fu_440_p2            |   icmp   |      0|  0|   18|          23|           1|
    |notrhs_fu_330_p2             |   icmp   |      0|  0|   18|          23|           1|
    |r_V_40_fu_491_p2             |   lshr   |      0|  0|   73|          25|          25|
    |r_V_fu_381_p2                |   lshr   |      0|  0|   73|          25|          25|
    |sel_tmp1_fu_435_p2           |    or    |      0|  0|    2|           1|           1|
    |sel_tmp4_fu_545_p2           |    or    |      0|  0|    2|           1|           1|
    |tmp_33_fu_335_p2             |    or    |      0|  0|    2|           1|           1|
    |tmp_43_fu_445_p2             |    or    |      0|  0|    2|           1|           1|
    |tmp_45_fu_340_p2             |    or    |      0|  0|    2|           1|           1|
    |tmp_49_fu_450_p2             |    or    |      0|  0|    2|           1|           1|
    |im_2_fu_556_p3               |  select  |      0|  0|   32|           1|          32|
    |p_Val2_96_fu_415_p3          |  select  |      0|  0|   32|           1|          32|
    |p_Val2_97_fu_428_p3          |  select  |      0|  0|   32|           1|          32|
    |p_Val2_98_fu_525_p3          |  select  |      0|  0|   32|           1|          32|
    |p_Val2_99_fu_538_p3          |  select  |      0|  0|   32|           1|          32|
    |re_2_fu_550_p3               |  select  |      0|  0|   32|           1|          32|
    |ush_1_fu_312_p3              |  select  |      0|  0|    9|           1|           9|
    |ush_fu_242_p3                |  select  |      0|  0|    9|           1|           9|
    |r_V_39_fu_387_p2             |    shl   |      0|  0|  243|          79|          79|
    |r_V_41_fu_497_p2             |    shl   |      0|  0|  243|          79|          79|
    |or_cond2_fu_462_p2           |    xor   |      0|  0|    2|           1|           2|
    |or_cond_fu_352_p2            |    xor   |      0|  0|    2|           1|           2|
    |sel_tmp_fu_154_p2            |    xor   |      0|  0|    2|           1|           2|
    +-----------------------------+----------+-------+---+-----+------------+------------+
    |Total                        |          |      0|  0| 1090|         340|         548|
    +-----------------------------+----------+-------+---+-----+------------+------------+

    * Multiplexer: 
    +-------------+----+-----------+-----+-----------+
    |     Name    | LUT| Input Size| Bits| Total Bits|
    +-------------+----+-----------+-----+-----------+
    |ap_NS_fsm    |  65|         16|    1|         16|
    |i_reg_105    |   9|          2|    9|         18|
    |out_r_blk_n  |   9|          2|    1|          2|
    |xk1_blk_n    |   9|          2|    1|          2|
    +-------------+----+-----------+-----+-----------+
    |Total        |  92|         22|   12|         38|
    +-------------+----+-----------+-----+-----------+

    * Register: 
    +---------------------+----+----+-----+-----------+
    |         Name        | FF | LUT| Bits| Const Bits|
    +---------------------+----+----+-----+-----------+
    |ap_CS_fsm            |  15|   0|   15|          0|
    |i_1_reg_586          |   9|   0|    9|          0|
    |i_reg_105            |   9|   0|    9|          0|
    |im_1_reg_661         |  32|   0|   32|          0|
    |im_2_reg_702         |  32|   0|   32|          0|
    |isNeg_1_reg_644      |   1|   0|    1|          0|
    |isNeg_reg_617        |   1|   0|    1|          0|
    |notlhs2_reg_634      |   1|   0|    1|          0|
    |notlhs_reg_607       |   1|   0|    1|          0|
    |p_Result_27_reg_639  |   1|   0|    1|          0|
    |p_Result_s_reg_612   |   1|   0|    1|          0|
    |p_Val2_91_reg_596    |  32|   0|   32|          0|
    |p_Val2_97_reg_667    |  32|   0|   32|          0|
    |p_Val2_99_reg_677    |  32|   0|   32|          0|
    |p_Val2_s_reg_591     |  32|   0|   32|          0|
    |re_1_reg_655         |  32|   0|   32|          0|
    |re_2_reg_697         |  32|   0|   32|          0|
    |sel_tmp1_reg_672     |   1|   0|    1|          0|
    |sel_tmp4_reg_682     |   1|   0|    1|          0|
    |sel_tmp_reg_577      |   1|   0|    1|          0|
    |tmp_51_reg_692       |  32|   0|   32|          0|
    |tmp_V_5_reg_601      |  23|   0|   23|          0|
    |tmp_V_7_reg_628      |  23|   0|   23|          0|
    |tmp_s_reg_687        |  32|   0|   32|          0|
    |ush_1_reg_649        |   9|   0|    9|          0|
    |ush_reg_622          |   9|   0|    9|          0|
    +---------------------+----+----+-----+-----------+
    |Total                | 426|   0|  426|          0|
    +---------------------+----+----+-----+-----------+



================================================================
== Interface
================================================================
* Summary: 
+-------------------+-----+-----+------------+------------------------+--------------+
|     RTL Ports     | Dir | Bits|  Protocol  |      Source Object     |    C Type    |
+-------------------+-----+-----+------------+------------------------+--------------+
|ap_clk             |  in |    1| ap_ctrl_hs | dummy_proc_middle.1394 | return value |
|ap_rst             |  in |    1| ap_ctrl_hs | dummy_proc_middle.1394 | return value |
|ap_start           |  in |    1| ap_ctrl_hs | dummy_proc_middle.1394 | return value |
|ap_done            | out |    1| ap_ctrl_hs | dummy_proc_middle.1394 | return value |
|ap_idle            | out |    1| ap_ctrl_hs | dummy_proc_middle.1394 | return value |
|ap_ready           | out |    1| ap_ctrl_hs | dummy_proc_middle.1394 | return value |
|st_in_data_V_read  |  in |    8|   ap_none  |    st_in_data_V_read   |    scalar    |
|out_r_din          | out |   64|   ap_fifo  |          out_r         |    pointer   |
|out_r_full_n       |  in |    1|   ap_fifo  |          out_r         |    pointer   |
|out_r_write        | out |    1|   ap_fifo  |          out_r         |    pointer   |
|xk1_dout           |  in |   64|   ap_fifo  |           xk1          |    pointer   |
|xk1_empty_n        |  in |    1|   ap_fifo  |           xk1          |    pointer   |
|xk1_read           | out |    1|   ap_fifo  |           xk1          |    pointer   |
+-------------------+-----+-----+------------+------------------------+--------------+

