

================================================================
== Vivado HLS Report for 'dummy_proc_fe_1395'
================================================================
* Date:           Sat Aug  1 17:19:49 2020

* Version:        2018.3 (Build 2405991 on Thu Dec 06 23:56:15 MST 2018)
* Project:        deblur_IP
* Solution:       solution1
* Product family: zynq
* Target device:  xc7z020clg400-1


================================================================
== Performance Estimates
================================================================
+ Timing (ns): 
    * Summary: 
    +--------+-------+----------+------------+
    |  Clock | Target| Estimated| Uncertainty|
    +--------+-------+----------+------------+
    |ap_clk  |  10.00|     7.268|        1.25|
    +--------+-------+----------+------------+

+ Latency (clock cycles): 
    * Summary: 
    +-----+-----+-----+-----+---------+
    |  Latency  |  Interval | Pipeline|
    | min | max | min | max |   Type  |
    +-----+-----+-----+-----+---------+
    |  257|  257|  257|  257|   none  |
    +-----+-----+-----+-----+---------+

    + Detail: 
        * Instance: 
        N/A

        * Loop: 
        +----------+-----+-----+----------+-----------+-----------+------+----------+
        |          |  Latency  | Iteration|  Initiation Interval  | Trip |          |
        | Loop Name| min | max |  Latency |  achieved |   target  | Count| Pipelined|
        +----------+-----+-----+----------+-----------+-----------+------+----------+
        |- Loop 1  |  256|  256|         1|          -|          -|   256|    no    |
        +----------+-----+-----+----------+-----------+-----------+------+----------+



================================================================
== Utilization Estimates
================================================================
* Summary: 
+-----------------+---------+-------+--------+-------+
|       Name      | BRAM_18K| DSP48E|   FF   |  LUT  |
+-----------------+---------+-------+--------+-------+
|DSP              |        -|      -|       -|      -|
|Expression       |        -|      -|       0|     30|
|FIFO             |        -|      -|       -|      -|
|Instance         |        -|      -|       -|      -|
|Memory           |        -|      -|       -|      -|
|Multiplexer      |        -|      -|       -|     42|
|Register         |        -|      -|      27|      -|
+-----------------+---------+-------+--------+-------+
|Total            |        0|      0|      27|     72|
+-----------------+---------+-------+--------+-------+
|Available        |      280|    220|  106400|  53200|
+-----------------+---------+-------+--------+-------+
|Utilization (%)  |        0|      0|   ~0   |   ~0  |
+-----------------+---------+-------+--------+-------+

+ Detail: 
    * Instance: 
    N/A

    * DSP48: 
    N/A

    * Memory: 
    N/A

    * FIFO: 
    N/A

    * Expression: 
    +-------------------+----------+-------+---+----+------------+------------+
    |   Variable Name   | Operation| DSP48E| FF| LUT| Bitwidth P0| Bitwidth P1|
    +-------------------+----------+-------+---+----+------------+------------+
    |i_2_fu_99_p2       |     +    |      0|  0|  15|           9|           1|
    |exitcond_fu_93_p2  |   icmp   |      0|  0|  13|           9|          10|
    |ap_block_state2    |    or    |      0|  0|   2|           1|           1|
    +-------------------+----------+-------+---+----+------------+------------+
    |Total              |          |      0|  0|  30|          19|          12|
    +-------------------+----------+-------+---+----+------------+------------+

    * Multiplexer: 
    +------------+----+-----------+-----+-----------+
    |    Name    | LUT| Input Size| Bits| Total Bits|
    +------------+----+-----------+-----+-----------+
    |ap_NS_fsm   |  15|          3|    1|          3|
    |i_reg_62    |   9|          2|    9|         18|
    |in_r_blk_n  |   9|          2|    1|          2|
    |xn1_blk_n   |   9|          2|    1|          2|
    +------------+----+-----------+-----+-----------+
    |Total       |  42|          9|   12|         25|
    +------------+----+-----------+-----+-----------+

    * Register: 
    +--------------------+----+----+-----+-----------+
    |        Name        | FF | LUT| Bits| Const Bits|
    +--------------------+----+----+-----+-----------+
    |ap_CS_fsm           |   2|   0|    2|          0|
    |i_reg_62            |   9|   0|    9|          0|
    |p_Result_s_reg_105  |  16|   0|   16|          0|
    +--------------------+----+----+-----+-----------+
    |Total               |  27|   0|   27|          0|
    +--------------------+----+----+-----+-----------+



================================================================
== Interface
================================================================
* Summary: 
+--------------+-----+-----+------------+--------------------+--------------+
|   RTL Ports  | Dir | Bits|  Protocol  |    Source Object   |    C Type    |
+--------------+-----+-----+------------+--------------------+--------------+
|ap_clk        |  in |    1| ap_ctrl_hs | dummy_proc_fe.1395 | return value |
|ap_rst        |  in |    1| ap_ctrl_hs | dummy_proc_fe.1395 | return value |
|ap_start      |  in |    1| ap_ctrl_hs | dummy_proc_fe.1395 | return value |
|ap_done       | out |    1| ap_ctrl_hs | dummy_proc_fe.1395 | return value |
|ap_idle       | out |    1| ap_ctrl_hs | dummy_proc_fe.1395 | return value |
|ap_ready      | out |    1| ap_ctrl_hs | dummy_proc_fe.1395 | return value |
|ap_return     | out |   16| ap_ctrl_hs | dummy_proc_fe.1395 | return value |
|direction     |  in |    1|   ap_none  |      direction     |    scalar    |
|in_r_dout     |  in |   64|   ap_fifo  |        in_r        |    pointer   |
|in_r_empty_n  |  in |    1|   ap_fifo  |        in_r        |    pointer   |
|in_r_read     | out |    1|   ap_fifo  |        in_r        |    pointer   |
|xn1_din       | out |   64|   ap_fifo  |         xn1        |    pointer   |
|xn1_full_n    |  in |    1|   ap_fifo  |         xn1        |    pointer   |
|xn1_write     | out |    1|   ap_fifo  |         xn1        |    pointer   |
+--------------+-----+-----+------------+--------------------+--------------+

