

================================================================
== Vivado HLS Report for 'fft_top'
================================================================
* Date:           Sat Aug  1 17:19:51 2020

* Version:        2018.3 (Build 2405991 on Thu Dec 06 23:56:15 MST 2018)
* Project:        deblur_IP
* Solution:       solution1
* Product family: zynq
* Target device:  xc7z020clg400-1


================================================================
== Performance Estimates
================================================================
+ Timing (ns): 
    * Summary: 
    +--------+-------+----------+------------+
    |  Clock | Target| Estimated| Uncertainty|
    +--------+-------+----------+------------+
    |ap_clk  |  10.00|     8.750|        1.25|
    +--------+-------+----------+------------+

+ Latency (clock cycles): 
    * Summary: 
    +------+------+------+------+---------+
    |   Latency   |   Interval  | Pipeline|
    |  min |  max |  min |  max |   Type  |
    +------+------+------+------+---------+
    |  4721|  4721|  4721|  4721|   none  |
    +------+------+------+------+---------+

    + Detail: 
        * Instance: 
        +----------------------------------+------------------------+------+------+------+------+---------+
        |                                  |                        |   Latency   |   Interval  | Pipeline|
        |             Instance             |         Module         |  min |  max |  min |  max |   Type  |
        +----------------------------------+------------------------+------+------+------+------+---------+
        |grp_dummy_proc_middle_1394_fu_75  |dummy_proc_middle_1394  |  3585|  3585|  3585|  3585|   none  |
        |grp_dummy_proc_fe_1395_fu_85      |dummy_proc_fe_1395      |   257|   257|   257|   257|   none  |
        |grp_fft_config1_s_fu_96           |fft_config1_s           |   874|   874|   874|   874|   none  |
        +----------------------------------+------------------------+------+------+------+------+---------+

        * Loop: 
        N/A



================================================================
== Utilization Estimates
================================================================
* Summary: 
+-----------------+---------+-------+--------+-------+
|       Name      | BRAM_18K| DSP48E|   FF   |  LUT  |
+-----------------+---------+-------+--------+-------+
|DSP              |        -|      -|       -|      -|
|Expression       |        -|      -|       0|      2|
|FIFO             |        8|      -|     184|    170|
|Instance         |        6|     28|   14288|  13899|
|Memory           |        -|      -|       -|      -|
|Multiplexer      |        -|      -|       -|    101|
|Register         |        -|      -|      10|      -|
+-----------------+---------+-------+--------+-------+
|Total            |       14|     28|   14482|  14172|
+-----------------+---------+-------+--------+-------+
|Available        |      280|    220|  106400|  53200|
+-----------------+---------+-------+--------+-------+
|Utilization (%)  |        5|     12|      13|     26|
+-----------------+---------+-------+--------+-------+

+ Detail: 
    * Instance: 
    +----------------------------------+------------------------+---------+-------+-------+------+
    |             Instance             |         Module         | BRAM_18K| DSP48E|   FF  |  LUT |
    +----------------------------------+------------------------+---------+-------+-------+------+
    |grp_dummy_proc_fe_1395_fu_85      |dummy_proc_fe_1395      |        0|      0|     27|    72|
    |grp_dummy_proc_middle_1394_fu_75  |dummy_proc_middle_1394  |        0|      4|   1780|  4026|
    |grp_fft_config1_s_fu_96           |fft_config1_s           |        6|     24|  12481|  9801|
    +----------------------------------+------------------------+---------+-------+-------+------+
    |Total                             |                        |        6|     28|  14288| 13899|
    +----------------------------------+------------------------+---------+-------+-------+------+

    * DSP48: 
    N/A

    * Memory: 
    N/A

    * FIFO: 
    +------------+---------+----+----+------+-----+---------+
    |    Name    | BRAM_18K| FF | LUT| Depth| Bits| Size:D*B|
    +------------+---------+----+----+------+-----+---------+
    |xk1_fifo_U  |        4|  92|  85|   256|   64|    16384|
    |xn1_fifo_U  |        4|  92|  85|   256|   64|    16384|
    +------------+---------+----+----+------+-----+---------+
    |Total       |        8| 184| 170|   512|  128|    32768|
    +------------+---------+----+----+------+-----+---------+

    * Expression: 
    +-----------------+----------+-------+---+----+------------+------------+
    |  Variable Name  | Operation| DSP48E| FF| LUT| Bitwidth P0| Bitwidth P1|
    +-----------------+----------+-------+---+----+------------+------------+
    |ap_block_state1  |    or    |      0|  0|   2|           1|           1|
    +-----------------+----------+-------+---+----+------------+------------+
    |Total            |          |      0|  0|   2|           1|           1|
    +-----------------+----------+-------+---+----+------------+------------+

    * Multiplexer: 
    +-----------------+----+-----------+-----+-----------+
    |       Name      | LUT| Input Size| Bits| Total Bits|
    +-----------------+----+-----------+-----+-----------+
    |ap_NS_fsm        |  38|          7|    1|          7|
    |direction_blk_n  |   9|          2|    1|          2|
    |in_r_read        |   9|          2|    1|          2|
    |out_r_write      |   9|          2|    1|          2|
    |xk1_read         |   9|          2|    1|          2|
    |xk1_write        |   9|          2|    1|          2|
    |xn1_read         |   9|          2|    1|          2|
    |xn1_write        |   9|          2|    1|          2|
    +-----------------+----+-----------+-----+-----------+
    |Total            | 101|         21|    8|         21|
    +-----------------+----+-----------+-----+-----------+

    * Register: 
    +-----------------------------------------------+---+----+-----+-----------+
    |                      Name                     | FF| LUT| Bits| Const Bits|
    +-----------------------------------------------+---+----+-----+-----------+
    |ap_CS_fsm                                      |  6|   0|    6|          0|
    |direction_read_reg_106                         |  1|   0|    1|          0|
    |fft_status1_data_V_r_reg_123                   |  0|   0|    8|          8|
    |grp_dummy_proc_fe_1395_fu_85_ap_start_reg      |  1|   0|    1|          0|
    |grp_dummy_proc_middle_1394_fu_75_ap_start_reg  |  1|   0|    1|          0|
    |grp_fft_config1_s_fu_96_ap_start_reg           |  1|   0|    1|          0|
    +-----------------------------------------------+---+----+-----+-----------+
    |Total                                          | 10|   0|   18|          8|
    +-----------------------------------------------+---+----+-----+-----------+



================================================================
== Interface
================================================================
* Summary: 
+------------------+-----+-----+------------+--------------+--------------+
|     RTL Ports    | Dir | Bits|  Protocol  | Source Object|    C Type    |
+------------------+-----+-----+------------+--------------+--------------+
|ap_clk            |  in |    1| ap_ctrl_hs |    fft_top   | return value |
|ap_rst            |  in |    1| ap_ctrl_hs |    fft_top   | return value |
|ap_start          |  in |    1| ap_ctrl_hs |    fft_top   | return value |
|ap_done           | out |    1| ap_ctrl_hs |    fft_top   | return value |
|ap_idle           | out |    1| ap_ctrl_hs |    fft_top   | return value |
|ap_ready          | out |    1| ap_ctrl_hs |    fft_top   | return value |
|direction         |  in |    1|    ap_hs   |   direction  |    scalar    |
|direction_ap_vld  |  in |    1|    ap_hs   |   direction  |    scalar    |
|direction_ap_ack  | out |    1|    ap_hs   |   direction  |    scalar    |
|in_r_dout         |  in |   64|   ap_fifo  |     in_r     |    pointer   |
|in_r_empty_n      |  in |    1|   ap_fifo  |     in_r     |    pointer   |
|in_r_read         | out |    1|   ap_fifo  |     in_r     |    pointer   |
|out_r_din         | out |   64|   ap_fifo  |     out_r    |    pointer   |
|out_r_full_n      |  in |    1|   ap_fifo  |     out_r    |    pointer   |
|out_r_write       | out |    1|   ap_fifo  |     out_r    |    pointer   |
+------------------+-----+-----+------------+--------------+--------------+

