

================================================================
== Vivado HLS Report for 'KernelMaker'
================================================================
* Date:           Sat Aug  1 17:19:53 2020

* Version:        2018.3 (Build 2405991 on Thu Dec 06 23:56:15 MST 2018)
* Project:        deblur_IP
* Solution:       solution1
* Product family: zynq
* Target device:  xc7z020clg400-1


================================================================
== Performance Estimates
================================================================
+ Timing (ns): 
    * Summary: 
    +--------+-------+----------+------------+
    |  Clock | Target| Estimated| Uncertainty|
    +--------+-------+----------+------------+
    |ap_clk  |  10.00|    10.136|        1.25|
    +--------+-------+----------+------------+

+ Latency (clock cycles): 
    * Summary: 
    +---------+---------+---------+---------+---------+
    |      Latency      |      Interval     | Pipeline|
    |   min   |   max   |   min   |   max   |   Type  |
    +---------+---------+---------+---------+---------+
    |  1769985|  1769985|  1769985|  1769985|   none  |
    +---------+---------+---------+---------+---------+

    + Detail: 
        * Instance: 
        +---------------------------+---------+-----+-----+-----+-----+---------+
        |                           |         |  Latency  |  Interval | Pipeline|
        |          Instance         |  Module | min | max | min | max |   Type  |
        +---------------------------+---------+-----+-----+-----+-----+---------+
        |StgValue_88_real379_fu_68  |real379  |    0|    0|    0|    0|   none  |
        |StgValue_89_imag380_fu_75  |imag380  |    0|    0|    0|    0|   none  |
        +---------------------------+---------+-----+-----+-----+-----+---------+

        * Loop: 
        +-------------+---------+---------+----------+-----------+-----------+------+----------+
        |             |      Latency      | Iteration|  Initiation Interval  | Trip |          |
        |  Loop Name  |   min   |   max   |  Latency |  achieved |   target  | Count| Pipelined|
        +-------------+---------+---------+----------+-----------+-----------+------+----------+
        |- Loop 1     |  1769984|  1769984|      6914|          -|          -|   256|    no    |
        | + Loop 1.1  |     6912|     6912|        27|          -|          -|   256|    no    |
        +-------------+---------+---------+----------+-----------+-----------+------+----------+



================================================================
== Utilization Estimates
================================================================
* Summary: 
+-----------------+---------+-------+--------+-------+
|       Name      | BRAM_18K| DSP48E|   FF   |  LUT  |
+-----------------+---------+-------+--------+-------+
|DSP              |        -|      1|       -|      -|
|Expression       |        -|      0|       0|    180|
|FIFO             |        -|      -|       -|      -|
|Instance         |        -|     26|    2091|   3543|
|Memory           |        -|      -|       -|      -|
|Multiplexer      |        -|      -|       -|    191|
|Register         |        -|      -|     234|      -|
+-----------------+---------+-------+--------+-------+
|Total            |        0|     27|    2325|   3914|
+-----------------+---------+-------+--------+-------+
|Available        |      280|    220|  106400|  53200|
+-----------------+---------+-------+--------+-------+
|Utilization (%)  |        0|     12|       2|      7|
+-----------------+---------+-------+--------+-------+

+ Detail: 
    * Instance: 
    +---------------------------+----------------------+---------+-------+------+------+
    |          Instance         |        Module        | BRAM_18K| DSP48E|  FF  |  LUT |
    +---------------------------+----------------------+---------+-------+------+------+
    |WienerDeblur_dexpg8j_U34   |WienerDeblur_dexpg8j  |        0|     26|  1549|  2599|
    |WienerDeblur_fptreOg_U32   |WienerDeblur_fptreOg  |        0|      0|   128|   277|
    |WienerDeblur_sitofYi_U33   |WienerDeblur_sitofYi  |        0|      0|   412|   645|
    |StgValue_89_imag380_fu_75  |imag380               |        0|      0|     1|    11|
    |StgValue_88_real379_fu_68  |real379               |        0|      0|     1|    11|
    +---------------------------+----------------------+---------+-------+------+------+
    |Total                      |                      |        0|     26|  2091|  3543|
    +---------------------------+----------------------+---------+-------+------+------+

    * DSP48: 
    +--------------------------+----------------------+--------------+
    |         Instance         |        Module        |  Expression  |
    +--------------------------+----------------------+--------------+
    |WienerDeblur_mac_hbi_U35  |WienerDeblur_mac_hbi  | i0 * i0 + i1 |
    +--------------------------+----------------------+--------------+

    * Memory: 
    N/A

    * FIFO: 
    N/A

    * Expression: 
    +------------------------+----------+-------+---+----+------------+------------+
    |      Variable Name     | Operation| DSP48E| FF| LUT| Bitwidth P0| Bitwidth P1|
    +------------------------+----------+-------+---+----+------------+------------+
    |tmp_138_cast_fu_117_p2  |     *    |      0|  0|  51|           9|           9|
    |i_3_fu_101_p2           |     +    |      0|  0|  15|           9|           1|
    |j_1_fu_129_p2           |     +    |      0|  0|  15|           9|           1|
    |tmp_92_fu_135_p2        |     +    |      0|  0|  15|           9|           9|
    |tmp_s_fu_107_p2         |     +    |      0|  0|  15|           9|           9|
    |p_neg_f_fu_191_p2       |     -    |      0|  0|  13|           1|           4|
    |p_neg_fu_161_p2         |     -    |      0|  0|  24|           1|          17|
    |exitcond1_fu_123_p2     |   icmp   |      0|  0|  13|           9|          10|
    |exitcond_fu_95_p2       |   icmp   |      0|  0|  13|           9|          10|
    |ap_block_state29        |    or    |      0|  0|   2|           1|           1|
    |tmp_99_fu_197_p3        |  select  |      0|  0|   4|           1|           4|
    +------------------------+----------+-------+---+----+------------+------------+
    |Total                   |          |      0|  0| 180|          67|          75|
    +------------------------+----------+-------+---+----+------------+------------+

    * Multiplexer: 
    +---------------------+-----+-----------+-----+-----------+
    |         Name        | LUT | Input Size| Bits| Total Bits|
    +---------------------+-----+-----------+-----+-----------+
    |ap_NS_fsm            |  137|         30|    1|         30|
    |i_reg_46             |    9|          2|    9|         18|
    |j_reg_57             |    9|          2|    9|         18|
    |kernel_M_imag_blk_n  |    9|          2|    1|          2|
    |kernel_M_imag_write  |    9|          2|    1|          2|
    |kernel_M_real_blk_n  |    9|          2|    1|          2|
    |kernel_M_real_write  |    9|          2|    1|          2|
    +---------------------+-----+-----------+-----+-----------+
    |Total                |  191|         42|   23|         74|
    +---------------------+-----+-----------+-----+-----------+

    * Register: 
    +----------------------+----+----+-----+-----------+
    |         Name         | FF | LUT| Bits| Const Bits|
    +----------------------+----+----+-----+-----------+
    |ap_CS_fsm             |  29|   0|   29|          0|
    |i_3_reg_220           |   9|   0|    9|          0|
    |i_reg_46              |   9|   0|    9|          0|
    |j_1_reg_233           |   9|   0|    9|          0|
    |j_reg_57              |   9|   0|    9|          0|
    |tmp_100_reg_263       |  64|   0|   64|          0|
    |tmp_101_reg_268       |  64|   0|   64|          0|
    |tmp_113_reg_243       |   1|   0|    1|          0|
    |tmp_138_cast_reg_225  |  17|   0|   17|          0|
    |tmp_93_reg_238        |  17|   0|   17|          0|
    |tmp_97_reg_248        |   2|   0|    2|          0|
    |tmp_99_reg_253        |   4|   0|    4|          0|
    +----------------------+----+----+-----+-----------+
    |Total                 | 234|   0|  234|          0|
    +----------------------+----+----+-----+-----------+



================================================================
== Interface
================================================================
* Summary: 
+----------------------+-----+-----+------------+---------------+--------------+
|       RTL Ports      | Dir | Bits|  Protocol  | Source Object |    C Type    |
+----------------------+-----+-----+------------+---------------+--------------+
|ap_clk                |  in |    1| ap_ctrl_hs |  KernelMaker  | return value |
|ap_rst                |  in |    1| ap_ctrl_hs |  KernelMaker  | return value |
|ap_start              |  in |    1| ap_ctrl_hs |  KernelMaker  | return value |
|ap_done               | out |    1| ap_ctrl_hs |  KernelMaker  | return value |
|ap_idle               | out |    1| ap_ctrl_hs |  KernelMaker  | return value |
|ap_ready              | out |    1| ap_ctrl_hs |  KernelMaker  | return value |
|kernel_M_real_din     | out |   32|   ap_fifo  | kernel_M_real |    pointer   |
|kernel_M_real_full_n  |  in |    1|   ap_fifo  | kernel_M_real |    pointer   |
|kernel_M_real_write   | out |    1|   ap_fifo  | kernel_M_real |    pointer   |
|kernel_M_imag_din     | out |   32|   ap_fifo  | kernel_M_imag |    pointer   |
|kernel_M_imag_full_n  |  in |    1|   ap_fifo  | kernel_M_imag |    pointer   |
|kernel_M_imag_write   | out |    1|   ap_fifo  | kernel_M_imag |    pointer   |
+----------------------+-----+-----+------------+---------------+--------------+

