

================================================================
== Vivado HLS Report for 'operator_div_float'
================================================================
* Date:           Sat Aug  1 17:20:25 2020

* Version:        2018.3 (Build 2405991 on Thu Dec 06 23:56:15 MST 2018)
* Project:        deblur_IP
* Solution:       solution1
* Product family: zynq
* Target device:  xc7z020clg400-1


================================================================
== Performance Estimates
================================================================
+ Timing (ns): 
    * Summary: 
    +--------+-------+----------+------------+
    |  Clock | Target| Estimated| Uncertainty|
    +--------+-------+----------+------------+
    |ap_clk  |  10.00|     7.256|        1.25|
    +--------+-------+----------+------------+

+ Latency (clock cycles): 
    * Summary: 
    +-----+-----+-----+-----+---------+
    |  Latency  |  Interval | Pipeline|
    | min | max | min | max |   Type  |
    +-----+-----+-----+-----+---------+
    |   27|   27|   27|   27|   none  |
    +-----+-----+-----+-----+---------+

    + Detail: 
        * Instance: 
        +-------------------------------------+---------------------------+-----+-----+-----+-----+---------+
        |                                     |                           |  Latency  |  Interval | Pipeline|
        |               Instance              |           Module          | min | max | min | max |   Type  |
        +-------------------------------------+---------------------------+-----+-----+-----+-----+---------+
        |grp_operator_div_assign_float_fu_34  |operator_div_assign_float  |   25|   25|   25|   25|   none  |
        +-------------------------------------+---------------------------+-----+-----+-----+-----+---------+

        * Loop: 
        N/A



================================================================
== Utilization Estimates
================================================================
* Summary: 
+-----------------+---------+-------+--------+-------+
|       Name      | BRAM_18K| DSP48E|   FF   |  LUT  |
+-----------------+---------+-------+--------+-------+
|DSP              |        -|      -|       -|      -|
|Expression       |        -|      -|       0|      2|
|FIFO             |        -|      -|       -|      -|
|Instance         |        -|     24|    3437|   5247|
|Memory           |        -|      -|       -|      -|
|Multiplexer      |        -|      -|       -|     75|
|Register         |        -|      -|     132|      -|
+-----------------+---------+-------+--------+-------+
|Total            |        0|     24|    3569|   5324|
+-----------------+---------+-------+--------+-------+
|Available        |      280|    220|  106400|  53200|
+-----------------+---------+-------+--------+-------+
|Utilization (%)  |        0|     10|       3|     10|
+-----------------+---------+-------+--------+-------+

+ Detail: 
    * Instance: 
    +-------------------------------------+---------------------------+---------+-------+------+------+
    |               Instance              |           Module          | BRAM_18K| DSP48E|  FF  |  LUT |
    +-------------------------------------+---------------------------+---------+-------+------+------+
    |grp_operator_div_assign_float_fu_34  |operator_div_assign_float  |        0|     24|  3437|  5247|
    +-------------------------------------+---------------------------+---------+-------+------+------+
    |Total                                |                           |        0|     24|  3437|  5247|
    +-------------------------------------+---------------------------+---------+-------+------+------+

    * DSP48: 
    N/A

    * Memory: 
    N/A

    * FIFO: 
    N/A

    * Expression: 
    +-----------------+----------+-------+---+----+------------+------------+
    |  Variable Name  | Operation| DSP48E| FF| LUT| Bitwidth P0| Bitwidth P1|
    +-----------------+----------+-------+---+----+------------+------------+
    |ap_block_state1  |    or    |      0|  0|   2|           1|           1|
    +-----------------+----------+-------+---+----+------------+------------+
    |Total            |          |      0|  0|   2|           1|           1|
    +-----------------+----------+-------+---+----+------------+------------+

    * Multiplexer: 
    +------------------+----+-----------+-----+-----------+
    |       Name       | LUT| Input Size| Bits| Total Bits|
    +------------------+----+-----------+-----+-----------+
    |ap_NS_fsm         |  21|          4|    1|          4|
    |ap_return_0       |   9|          2|   32|         64|
    |ap_return_1       |   9|          2|   32|         64|
    |p_x_M_imag_blk_n  |   9|          2|    1|          2|
    |p_x_M_real_blk_n  |   9|          2|    1|          2|
    |p_y_M_imag_read   |   9|          2|    1|          2|
    |p_y_M_real_read   |   9|          2|    1|          2|
    +------------------+----+-----------+-----+-----------+
    |Total             |  75|         16|   69|        140|
    +------------------+----+-----------+-----+-----------+

    * Register: 
    +--------------------------------------------------+----+----+-----+-----------+
    |                       Name                       | FF | LUT| Bits| Const Bits|
    +--------------------------------------------------+----+----+-----+-----------+
    |ap_CS_fsm                                         |   3|   0|    3|          0|
    |ap_return_0_preg                                  |  32|   0|   32|          0|
    |ap_return_1_preg                                  |  32|   0|   32|          0|
    |grp_operator_div_assign_float_fu_34_ap_start_reg  |   1|   0|    1|          0|
    |p_r_M_imag_reg_49                                 |  32|   0|   32|          0|
    |p_r_M_real_reg_44                                 |  32|   0|   32|          0|
    +--------------------------------------------------+----+----+-----+-----------+
    |Total                                             | 132|   0|  132|          0|
    +--------------------------------------------------+----+----+-----+-----------+



================================================================
== Interface
================================================================
* Summary: 
+--------------------+-----+-----+------------+------------------+--------------+
|      RTL Ports     | Dir | Bits|  Protocol  |   Source Object  |    C Type    |
+--------------------+-----+-----+------------+------------------+--------------+
|ap_clk              |  in |    1| ap_ctrl_hs | operator/<float> | return value |
|ap_rst              |  in |    1| ap_ctrl_hs | operator/<float> | return value |
|ap_start            |  in |    1| ap_ctrl_hs | operator/<float> | return value |
|ap_done             | out |    1| ap_ctrl_hs | operator/<float> | return value |
|ap_idle             | out |    1| ap_ctrl_hs | operator/<float> | return value |
|ap_ready            | out |    1| ap_ctrl_hs | operator/<float> | return value |
|ap_return_0         | out |   32| ap_ctrl_hs | operator/<float> | return value |
|ap_return_1         | out |   32| ap_ctrl_hs | operator/<float> | return value |
|p_x_M_real_dout     |  in |   32|   ap_fifo  |    p_x_M_real    |    pointer   |
|p_x_M_real_empty_n  |  in |    1|   ap_fifo  |    p_x_M_real    |    pointer   |
|p_x_M_real_read     | out |    1|   ap_fifo  |    p_x_M_real    |    pointer   |
|p_x_M_imag_dout     |  in |   32|   ap_fifo  |    p_x_M_imag    |    pointer   |
|p_x_M_imag_empty_n  |  in |    1|   ap_fifo  |    p_x_M_imag    |    pointer   |
|p_x_M_imag_read     | out |    1|   ap_fifo  |    p_x_M_imag    |    pointer   |
|p_y_M_real_dout     |  in |   32|   ap_fifo  |    p_y_M_real    |    pointer   |
|p_y_M_real_empty_n  |  in |    1|   ap_fifo  |    p_y_M_real    |    pointer   |
|p_y_M_real_read     | out |    1|   ap_fifo  |    p_y_M_real    |    pointer   |
|p_y_M_imag_dout     |  in |   32|   ap_fifo  |    p_y_M_imag    |    pointer   |
|p_y_M_imag_empty_n  |  in |    1|   ap_fifo  |    p_y_M_imag    |    pointer   |
|p_y_M_imag_read     | out |    1|   ap_fifo  |    p_y_M_imag    |    pointer   |
+--------------------+-----+-----+------------+------------------+--------------+

