

================================================================
== Vivado HLS Report for 'operator_float_1'
================================================================
* Date:           Sat Aug  1 17:13:43 2020

* Version:        2018.3 (Build 2405991 on Thu Dec 06 23:56:15 MST 2018)
* Project:        deblur_IP
* Solution:       solution1
* Product family: zynq
* Target device:  xc7z020clg400-1


================================================================
== Performance Estimates
================================================================
+ Timing (ns): 
    * Summary: 
    +--------+-------+----------+------------+
    |  Clock | Target| Estimated| Uncertainty|
    +--------+-------+----------+------------+
    |ap_clk  |  10.00|     7.256|        1.25|
    +--------+-------+----------+------------+

+ Latency (clock cycles): 
    * Summary: 
    +-----+-----+-----+-----+----------+
    |  Latency  |  Interval | Pipeline |
    | min | max | min | max |   Type   |
    +-----+-----+-----+-----+----------+
    |   10|   10|   11|   11| function |
    +-----+-----+-----+-----+----------+

    + Detail: 
        * Instance: 
        +-------------------------------------+---------------------------+-----+-----+-----+-----+----------+
        |                                     |                           |  Latency  |  Interval | Pipeline |
        |               Instance              |           Module          | min | max | min | max |   Type   |
        +-------------------------------------+---------------------------+-----+-----+-----+-----+----------+
        |grp_operator_mul_assign_float_fu_30  |operator_mul_assign_float  |    9|    9|    1|    1| function |
        +-------------------------------------+---------------------------+-----+-----+-----+-----+----------+

        * Loop: 
        N/A

============================================================
+ Verbose Summary: Synthesis Manager
============================================================
InlineROM: 1
ExposeGlobal: 0
============================================================
+ Verbose Summary: CDFG Model
============================================================
IsTopModel: 0
ResetActiveHigh: 1
IsCombinational: 0
IsDatapathOnly: 0
HasWiredReturn: 1
HasMFsm: 2
HasVarLatency: 0
IsPipeline: 1
IsRtlPipelined: 0
IsInstanceOverlapped: 0
IsDontTouch: 0
HasImplIP: 0
IsGatedGlobalClock: 0

+ Individual pipeline summary: 
  * Pipeline-0: initiation interval (II) = 11, depth = 11


============================================================
+ Verbose Summary: Schedule
============================================================
* Number of FSM states : 11
* Pipeline : 1
  Pipeline-0 : II = 11, D = 11, States = { 1 2 3 4 5 6 7 8 9 10 11 }
* Dataflow Pipeline: 0

* FSM state transitions: 
1 --> 
	2  / true
2 --> 
	3  / true
3 --> 
	4  / true
4 --> 
	5  / true
5 --> 
	6  / true
6 --> 
	7  / true
7 --> 
	8  / true
8 --> 
	9  / true
9 --> 
	10  / true
10 --> 
	11  / true
11 --> 

* FSM state operations: 

State 1 <SV = 0> <Delay = 3.63>
ST_1 : Operation 12 [1/1] (3.63ns)   --->   "%p_r_M_real = call float @_ssdm_op_Read.ap_fifo.volatile.floatP(float* @fft_kernel_modu_M_r)"   --->   Operation 12 'read' 'p_r_M_real' <Predicate = true> <Delay = 3.63> <Core = "FIFO">   --->   Core 32 'FIFO' <Latency = 0> <II = 1> <Delay = 3.63> <Storage> <Opcode : 'read' 'write' 'nbread' 'nbwrite'> <Ports = 0> <Width = 32> <Depth = 2> <FIFO>
ST_1 : Operation 13 [1/1] (3.63ns)   --->   "%p_r_M_imag = call float @_ssdm_op_Read.ap_fifo.volatile.floatP(float* @fft_kernel_modu_M_i)"   --->   Operation 13 'read' 'p_r_M_imag' <Predicate = true> <Delay = 3.63> <Core = "FIFO">   --->   Core 32 'FIFO' <Latency = 0> <II = 1> <Delay = 3.63> <Storage> <Opcode : 'read' 'write' 'nbread' 'nbwrite'> <Ports = 0> <Width = 32> <Depth = 2> <FIFO>

State 2 <SV = 1> <Delay = 0.00>
ST_2 : Operation 14 [10/10] (0.00ns)   --->   "%tmp11 = call fastcc { float, float } @"operator*=<float>"(float %p_r_M_real, float %p_r_M_imag, float* @fft_kernel_modu_M_r, float* @fft_kernel_modu_M_i)"   --->   Operation 14 'call' 'tmp11' <Predicate = true> <Delay = 0.00> <CoreType = "Generic">   --->   Core 0 '' <Latency = 0> <II = 1> <Delay = 1.00> <Generic> <Opcode : >

State 3 <SV = 2> <Delay = 7.25>
ST_3 : Operation 15 [9/10] (7.25ns)   --->   "%tmp11 = call fastcc { float, float } @"operator*=<float>"(float %p_r_M_real, float %p_r_M_imag, float* @fft_kernel_modu_M_r, float* @fft_kernel_modu_M_i)"   --->   Operation 15 'call' 'tmp11' <Predicate = true> <Delay = 7.25> <CoreType = "Generic">   --->   Core 0 '' <Latency = 0> <II = 1> <Delay = 1.00> <Generic> <Opcode : >

State 4 <SV = 3> <Delay = 7.25>
ST_4 : Operation 16 [8/10] (7.25ns)   --->   "%tmp11 = call fastcc { float, float } @"operator*=<float>"(float %p_r_M_real, float %p_r_M_imag, float* @fft_kernel_modu_M_r, float* @fft_kernel_modu_M_i)"   --->   Operation 16 'call' 'tmp11' <Predicate = true> <Delay = 7.25> <CoreType = "Generic">   --->   Core 0 '' <Latency = 0> <II = 1> <Delay = 1.00> <Generic> <Opcode : >

State 5 <SV = 4> <Delay = 7.25>
ST_5 : Operation 17 [7/10] (7.25ns)   --->   "%tmp11 = call fastcc { float, float } @"operator*=<float>"(float %p_r_M_real, float %p_r_M_imag, float* @fft_kernel_modu_M_r, float* @fft_kernel_modu_M_i)"   --->   Operation 17 'call' 'tmp11' <Predicate = true> <Delay = 7.25> <CoreType = "Generic">   --->   Core 0 '' <Latency = 0> <II = 1> <Delay = 1.00> <Generic> <Opcode : >

State 6 <SV = 5> <Delay = 7.25>
ST_6 : Operation 18 [6/10] (7.25ns)   --->   "%tmp11 = call fastcc { float, float } @"operator*=<float>"(float %p_r_M_real, float %p_r_M_imag, float* @fft_kernel_modu_M_r, float* @fft_kernel_modu_M_i)"   --->   Operation 18 'call' 'tmp11' <Predicate = true> <Delay = 7.25> <CoreType = "Generic">   --->   Core 0 '' <Latency = 0> <II = 1> <Delay = 1.00> <Generic> <Opcode : >

State 7 <SV = 6> <Delay = 7.25>
ST_7 : Operation 19 [5/10] (7.25ns)   --->   "%tmp11 = call fastcc { float, float } @"operator*=<float>"(float %p_r_M_real, float %p_r_M_imag, float* @fft_kernel_modu_M_r, float* @fft_kernel_modu_M_i)"   --->   Operation 19 'call' 'tmp11' <Predicate = true> <Delay = 7.25> <CoreType = "Generic">   --->   Core 0 '' <Latency = 0> <II = 1> <Delay = 1.00> <Generic> <Opcode : >

State 8 <SV = 7> <Delay = 7.25>
ST_8 : Operation 20 [4/10] (7.25ns)   --->   "%tmp11 = call fastcc { float, float } @"operator*=<float>"(float %p_r_M_real, float %p_r_M_imag, float* @fft_kernel_modu_M_r, float* @fft_kernel_modu_M_i)"   --->   Operation 20 'call' 'tmp11' <Predicate = true> <Delay = 7.25> <CoreType = "Generic">   --->   Core 0 '' <Latency = 0> <II = 1> <Delay = 1.00> <Generic> <Opcode : >

State 9 <SV = 8> <Delay = 7.25>
ST_9 : Operation 21 [3/10] (7.25ns)   --->   "%tmp11 = call fastcc { float, float } @"operator*=<float>"(float %p_r_M_real, float %p_r_M_imag, float* @fft_kernel_modu_M_r, float* @fft_kernel_modu_M_i)"   --->   Operation 21 'call' 'tmp11' <Predicate = true> <Delay = 7.25> <CoreType = "Generic">   --->   Core 0 '' <Latency = 0> <II = 1> <Delay = 1.00> <Generic> <Opcode : >

State 10 <SV = 9> <Delay = 7.25>
ST_10 : Operation 22 [2/10] (7.25ns)   --->   "%tmp11 = call fastcc { float, float } @"operator*=<float>"(float %p_r_M_real, float %p_r_M_imag, float* @fft_kernel_modu_M_r, float* @fft_kernel_modu_M_i)"   --->   Operation 22 'call' 'tmp11' <Predicate = true> <Delay = 7.25> <CoreType = "Generic">   --->   Core 0 '' <Latency = 0> <II = 1> <Delay = 1.00> <Generic> <Opcode : >

State 11 <SV = 10> <Delay = 7.25>
ST_11 : Operation 23 [1/1] (0.00ns)   --->   "call void (...)* @_ssdm_op_SpecInterface(float* @fft_kernel_modu_M_r, float* @fft_kernel_modu_M_i, [8 x i8]* @p_str11, i32 0, i32 0, [1 x i8]* @p_str3, i32 0, i32 1024, [1 x i8]* @p_str3, [1 x i8]* @p_str3, [1 x i8]* @p_str3, i32 0, i32 0, i32 0, i32 0, [1 x i8]* @p_str3, [1 x i8]* @p_str3)"   --->   Operation 23 'specinterface' <Predicate = true> <Delay = 0.00>
ST_11 : Operation 24 [1/1] (0.00ns)   --->   "call void (...)* @_ssdm_op_SpecInterface(float* @fft_kernel_modu_M_r, float* @fft_kernel_modu_M_i, [8 x i8]* @p_str11, i32 0, i32 0, [1 x i8]* @p_str3, i32 0, i32 1024, [1 x i8]* @p_str3, [1 x i8]* @p_str3, [1 x i8]* @p_str3, i32 0, i32 0, i32 0, i32 0, [1 x i8]* @p_str3, [1 x i8]* @p_str3)"   --->   Operation 24 'specinterface' <Predicate = true> <Delay = 0.00>
ST_11 : Operation 25 [1/10] (7.25ns)   --->   "%tmp11 = call fastcc { float, float } @"operator*=<float>"(float %p_r_M_real, float %p_r_M_imag, float* @fft_kernel_modu_M_r, float* @fft_kernel_modu_M_i)"   --->   Operation 25 'call' 'tmp11' <Predicate = true> <Delay = 7.25> <CoreType = "Generic">   --->   Core 0 '' <Latency = 0> <II = 1> <Delay = 1.00> <Generic> <Opcode : >
ST_11 : Operation 26 [1/1] (0.00ns)   --->   "ret { float, float } %tmp11"   --->   Operation 26 'ret' <Predicate = true> <Delay = 0.00>


============================================================
+ Verbose Summary: Binding
============================================================
STG Binding: 
---------------- STG Properties BEGIN ----------------
- Is combinational: 0
- Is one-state seq: 0
- Is datapath-only: 0
- Is pipelined: 1
- Is top level: 0
Port [ Return ] is wired: 1; IO mode=ap_ctrl_hs:ce=0
Port [ fft_kernel_modu_M_r]:  wired=1; compound=1; hidden=0; nouse=0; global=1; static=1; extern=0; dir=0; type=3; pingpong=0; private_global=0; linkage=7; visibility=0; IO mode=ap_fifo:ce=0
Port [ fft_kernel_modu_M_i]:  wired=1; compound=1; hidden=0; nouse=0; global=1; static=1; extern=0; dir=0; type=3; pingpong=0; private_global=0; linkage=7; visibility=0; IO mode=ap_fifo:ce=0
---------------- STG Properties END ------------------

---------------- Datapath Model BEGIN ----------------

<LifeTime>
<method=bitvector/>
p_r_M_real  (read         ) [ 001000000000]
p_r_M_imag  (read         ) [ 001000000000]
StgValue_23 (specinterface) [ 000000000000]
StgValue_24 (specinterface) [ 000000000000]
tmp11       (call         ) [ 000000000000]
StgValue_26 (ret          ) [ 000000000000]
</LifeTime>

<model>

<comp_list>
<comp id="0" class="1000" name="fft_kernel_modu_M_r">
<pin_list>
<pin id="1" dir="1" index="0" bw="1" slack="0"/>
</pin_list>
<bind>
<StgValue><ssdm name="fft_kernel_modu_M_r"/></StgValue>
</bind>
</comp>

<comp id="2" class="1000" name="fft_kernel_modu_M_i">
<pin_list>
<pin id="3" dir="1" index="0" bw="1" slack="0"/>
</pin_list>
<bind>
<StgValue><ssdm name="fft_kernel_modu_M_i"/></StgValue>
</bind>
</comp>

<comp id="4" class="1001" name="const_4">
<pin_list>
<pin id="5" dir="1" index="0" bw="1" slack="0"/>
</pin_list>
<bind>
<StgValue><ssdm name="_ssdm_op_Read.ap_fifo.volatile.floatP"/></StgValue>
</bind>
</comp>

<comp id="6" class="1001" name="const_6">
<pin_list>
<pin id="7" dir="1" index="0" bw="1" slack="0"/>
</pin_list>
<bind>
<StgValue><ssdm name="operator*=<float>"/></StgValue>
</bind>
</comp>

<comp id="8" class="1001" name="const_8">
<pin_list>
<pin id="9" dir="1" index="0" bw="1" slack="2147483647"/>
</pin_list>
<bind>
<StgValue><ssdm name="_ssdm_op_SpecInterface"/></StgValue>
</bind>
</comp>

<comp id="10" class="1001" name="const_10">
<pin_list>
<pin id="11" dir="1" index="0" bw="1" slack="2147483647"/>
</pin_list>
<bind>
<StgValue><ssdm name="p_str11"/></StgValue>
</bind>
</comp>

<comp id="12" class="1001" name="const_12">
<pin_list>
<pin id="13" dir="1" index="0" bw="1" slack="2147483647"/>
</pin_list>
<bind>
<StgValue><ssdm name=""/></StgValue>
</bind>
</comp>

<comp id="14" class="1001" name="const_14">
<pin_list>
<pin id="15" dir="1" index="0" bw="1" slack="2147483647"/>
</pin_list>
<bind>
<StgValue><ssdm name="p_str3"/></StgValue>
</bind>
</comp>

<comp id="16" class="1001" name="const_16">
<pin_list>
<pin id="17" dir="1" index="0" bw="1" slack="2147483647"/>
</pin_list>
<bind>
<StgValue><ssdm name=""/></StgValue>
</bind>
</comp>

<comp id="18" class="1004" name="p_r_M_real_read_fu_18">
<pin_list>
<pin id="19" dir="0" index="0" bw="32" slack="0"/>
<pin id="20" dir="0" index="1" bw="32" slack="0"/>
<pin id="21" dir="1" index="2" bw="32" slack="1"/>
</pin_list>
<bind>
<opcode="read(1150) " fcode="read"/>
<opset="p_r_M_real/1 "/>
</bind>
</comp>

<comp id="24" class="1004" name="p_r_M_imag_read_fu_24">
<pin_list>
<pin id="25" dir="0" index="0" bw="32" slack="0"/>
<pin id="26" dir="0" index="1" bw="32" slack="0"/>
<pin id="27" dir="1" index="2" bw="32" slack="1"/>
</pin_list>
<bind>
<opcode="read(1150) " fcode="read"/>
<opset="p_r_M_imag/1 "/>
</bind>
</comp>

<comp id="30" class="1004" name="grp_operator_mul_assign_float_fu_30">
<pin_list>
<pin id="31" dir="0" index="0" bw="64" slack="0"/>
<pin id="32" dir="0" index="1" bw="32" slack="1"/>
<pin id="33" dir="0" index="2" bw="32" slack="1"/>
<pin id="34" dir="0" index="3" bw="32" slack="0"/>
<pin id="35" dir="0" index="4" bw="32" slack="0"/>
<pin id="36" dir="1" index="5" bw="64" slack="2147483647"/>
</pin_list>
<bind>
<opcode="call(48) " fcode="call"/>
<opset="tmp11/2 "/>
</bind>
</comp>

<comp id="40" class="1005" name="p_r_M_real_reg_40">
<pin_list>
<pin id="41" dir="0" index="0" bw="32" slack="1"/>
<pin id="42" dir="1" index="1" bw="32" slack="1"/>
</pin_list>
<bind>
<opset="p_r_M_real "/>
</bind>
</comp>

<comp id="45" class="1005" name="p_r_M_imag_reg_45">
<pin_list>
<pin id="46" dir="0" index="0" bw="32" slack="1"/>
<pin id="47" dir="1" index="1" bw="32" slack="1"/>
</pin_list>
<bind>
<opset="p_r_M_imag "/>
</bind>
</comp>

</comp_list>

<net_list>
<net id="22"><net_src comp="4" pin="0"/><net_sink comp="18" pin=0"/></net>

<net id="23"><net_src comp="0" pin="0"/><net_sink comp="18" pin=1"/></net>

<net id="28"><net_src comp="4" pin="0"/><net_sink comp="24" pin=0"/></net>

<net id="29"><net_src comp="2" pin="0"/><net_sink comp="24" pin=1"/></net>

<net id="37"><net_src comp="6" pin="0"/><net_sink comp="30" pin=0"/></net>

<net id="38"><net_src comp="0" pin="0"/><net_sink comp="30" pin=3"/></net>

<net id="39"><net_src comp="2" pin="0"/><net_sink comp="30" pin=4"/></net>

<net id="43"><net_src comp="18" pin="2"/><net_sink comp="40" pin=0"/></net>

<net id="44"><net_src comp="40" pin="1"/><net_sink comp="30" pin=1"/></net>

<net id="48"><net_src comp="24" pin="2"/><net_sink comp="45" pin=0"/></net>

<net id="49"><net_src comp="45" pin="1"/><net_sink comp="30" pin=2"/></net>

</net_list>

</model> 
---------------- Datapath Model END ------------------

* FSMD analyzer results:
  - Output states:
 - Input state : 
	Port: operator*<float>.1 : fft_kernel_modu_M_r | {1 2 }
	Port: operator*<float>.1 : fft_kernel_modu_M_i | {1 2 }
  - Chain level:
	State 1
	State 2
	State 3
	State 4
	State 5
	State 6
	State 7
	State 8
	State 9
	State 10
	State 11
		StgValue_26 : 1


============================================================
+ Verbose Summary: Datapath Resource usage 
============================================================

* Functional unit list:
|----------|-------------------------------------|---------|---------|---------|
| Operation|           Functional Unit           |  DSP48E |    FF   |   LUT   |
|----------|-------------------------------------|---------|---------|---------|
|   call   | grp_operator_mul_assign_float_fu_30 |    16   |   1238  |   2064  |
|----------|-------------------------------------|---------|---------|---------|
|   read   |        p_r_M_real_read_fu_18        |    0    |    0    |    0    |
|          |        p_r_M_imag_read_fu_24        |    0    |    0    |    0    |
|----------|-------------------------------------|---------|---------|---------|
|   Total  |                                     |    16   |   1238  |   2064  |
|----------|-------------------------------------|---------|---------|---------|

Memories:
N/A

* Register list:
+-----------------+--------+
|                 |   FF   |
+-----------------+--------+
|p_r_M_imag_reg_45|   32   |
|p_r_M_real_reg_40|   32   |
+-----------------+--------+
|      Total      |   64   |
+-----------------+--------+

* Multiplexer (MUX) list: 
|--------|------|------|------|--------|
|  Comp  |  Pin | Size |  BW  | S x BW |
|--------|------|------|------|--------|
|  Total |      |      |      |    0   |
|--------|------|------|------|--------|



* Summary:
+-----------+--------+--------+--------+
|           | DSP48E |   FF   |   LUT  |
+-----------+--------+--------+--------+
|  Function |   16   |  1238  |  2064  |
|   Memory  |    -   |    -   |    -   |
|Multiplexer|    -   |    -   |    -   |
|  Register |    -   |   64   |    -   |
+-----------+--------+--------+--------+
|   Total   |   16   |  1302  |  2064  |
+-----------+--------+--------+--------+
